
Allocating common symbols
Common symbol       size              file

pcb_freelist        0x4               procs.o
b512                0x200             kernel.o
sioread             0x4               procs.o
sleeping            0x4               procs.o
init_pcb            0x4               procs.o
b256                0x100             kernel.o
mbz                 0x4               syscalls.o
system_time         0x4               clock.o
waiting             0x4               procs.o
current             0x4               procs.o
zombie              0x4               procs.o
isr_table           0x400             support.o
next_pid            0x4               procs.o
ptable              0x4b0             procs.o
ready               0x4               procs.o
kstack              0x1000            kernel.o

Discarded input sections

 .comment       0x0000000000000000       0x2a cio.o
 .note.GNU-stack
                0x0000000000000000        0x0 cio.o
 .eh_frame      0x0000000000000000      0x318 cio.o
 .comment       0x0000000000000000       0x2a clock.o
 .note.GNU-stack
                0x0000000000000000        0x0 clock.o
 .eh_frame      0x0000000000000000       0x68 clock.o
 .comment       0x0000000000000000       0x2a kernel.o
 .note.GNU-stack
                0x0000000000000000        0x0 kernel.o
 .eh_frame      0x0000000000000000       0x90 kernel.o
 .comment       0x0000000000000000       0x2a klibc.o
 .note.GNU-stack
                0x0000000000000000        0x0 klibc.o
 .eh_frame      0x0000000000000000      0x334 klibc.o
 .comment       0x0000000000000000       0x2a kmem.o
 .note.GNU-stack
                0x0000000000000000        0x0 kmem.o
 .eh_frame      0x0000000000000000      0x140 kmem.o
 .comment       0x0000000000000000       0x2a list.o
 .note.GNU-stack
                0x0000000000000000        0x0 list.o
 .eh_frame      0x0000000000000000       0x58 list.o
 .comment       0x0000000000000000       0x2a procs.o
 .note.GNU-stack
                0x0000000000000000        0x0 procs.o
 .eh_frame      0x0000000000000000      0x3b0 procs.o
 .comment       0x0000000000000000       0x2a sio.o
 .note.GNU-stack
                0x0000000000000000        0x0 sio.o
 .eh_frame      0x0000000000000000      0x1a8 sio.o
 .comment       0x0000000000000000       0x2a support.o
 .note.GNU-stack
                0x0000000000000000        0x0 support.o
 .eh_frame      0x0000000000000000      0x154 support.o
 .comment       0x0000000000000000       0x2a syscalls.o
 .note.GNU-stack
                0x0000000000000000        0x0 syscalls.o
 .eh_frame      0x0000000000000000      0x200 syscalls.o
 .comment       0x0000000000000000       0x2a user.o
 .note.GNU-stack
                0x0000000000000000        0x0 user.o
 .eh_frame      0x0000000000000000       0x88 user.o
 .comment       0x0000000000000000       0x2a intel_8255x.o
 .note.GNU-stack
                0x0000000000000000        0x0 intel_8255x.o
 .eh_frame      0x0000000000000000       0x78 intel_8255x.o
 .comment       0x0000000000000000       0x2a userland.o
 .note.GNU-stack
                0x0000000000000000        0x0 userland.o
 .eh_frame      0x0000000000000000      0x310 userland.o
 .comment       0x0000000000000000       0x2a ulibc.o
 .note.GNU-stack
                0x0000000000000000        0x0 ulibc.o
 .eh_frame      0x0000000000000000      0x3d4 ulibc.o

Memory Configuration

Name             Origin             Length             Attributes
*default*        0x0000000000000000 0xffffffffffffffff

Linker script and memory map

                0x0000000000010000                . = 0x10000

.text           0x0000000000010000     0xa45a
 *(.text .stub .text.* .gnu.linkonce.t.*)
 .text          0x0000000000010000       0x40 startup.o
                0x0000000000010000                begtext
                0x0000000000010000                _start
 .text          0x0000000000010040      0xab8 isrs.o
                0x000000000001006c                isr_restore
 .text          0x0000000000010af8      0xd6a cio.o
                0x0000000000010bf3                cio_setscroll
                0x0000000000010c95                cio_moveto
                0x0000000000010cf5                cio_putchar_at
                0x0000000000010d6d                cio_putchar
                0x0000000000010e6b                cio_puts_at
                0x0000000000010ead                cio_puts
                0x0000000000010ede                cio_write
                0x0000000000010f16                cio_clearscroll
                0x0000000000010f8f                cio_clearscreen
                0x0000000000010fff                cio_scroll
                0x0000000000011507                cio_printf_at
                0x0000000000011527                cio_printf
                0x00000000000116b4                cio_getchar
                0x000000000001175a                cio_gets
                0x00000000000117ab                cio_input_queue
                0x00000000000117d6                cio_init
 .text          0x0000000000011862      0x2d3 clock.o
                0x0000000000011a9f                clk_init
 .text          0x0000000000011b35      0x511 kernel.o
                0x0000000000011d4b                main
 .text          0x0000000000012046      0xa50 klibc.o
                0x0000000000012046                blkmov
                0x00000000000120e0                bound
                0x0000000000012104                cvtdec
                0x000000000001214b                cvtdec0
                0x00000000000121d4                cvthex
                0x000000000001225e                cvtoct
                0x00000000000122e8                cvtuns
                0x000000000001231a                cvtuns0
                0x0000000000012380                put_char_or_code
                0x00000000000123b9                backtrace
                0x0000000000012477                kpanic
                0x0000000000012574                memclr
                0x0000000000012595                memcpy
                0x00000000000125c2                memmove
                0x0000000000012614                memset
                0x0000000000012638                pad
                0x000000000001265a                padstr
                0x00000000000126f7                sprint
                0x000000000001296c                str2int
                0x00000000000129de                strcat
                0x0000000000012a14                strcmp
                0x0000000000012a4a                strcpy
                0x0000000000012a74                strlen
 .text          0x0000000000012a96      0x7ef kmem.o
                0x0000000000012ba0                km_init
                0x0000000000012d7a                km_dump
                0x0000000000012e42                km_page_alloc
                0x0000000000012f47                km_page_free
                0x0000000000012f68                km_page_free_multi
                0x0000000000013137                km_slice_alloc
                0x0000000000013208                km_slice_free
 .text          0x0000000000013285      0x107 list.o
                0x0000000000013285                list_add
                0x0000000000013322                list_remove
 .text          0x000000000001338c     0x1737 procs.o
                0x00000000000135d5                pcb_init
                0x0000000000013856                pcb_alloc
                0x00000000000138cc                pcb_free
                0x0000000000013956                pcb_stack_alloc
                0x000000000001399a                pcb_stack_free
                0x0000000000013a02                pcb_zombify
                0x0000000000013c96                pcb_cleanup
                0x0000000000013cc3                pcb_find_pid
                0x0000000000013d15                pcb_find_ppid
                0x0000000000013db5                pcb_queue_reset
                0x0000000000013e2e                pcb_queue_empty
                0x0000000000013e81                pcb_queue_length
                0x0000000000013ee6                pcb_queue_insert
                0x00000000000140cc                pcb_queue_remove
                0x00000000000141a3                pcb_queue_remove_this
                0x0000000000014361                pcb_queue_peek
                0x00000000000143bf                schedule
                0x0000000000014480                dispatch
                0x0000000000014557                ctx_dump
                0x0000000000014649                ctx_dump_all
                0x00000000000146be                pcb_dump
                0x00000000000147fd                pcb_queue_dump
                0x0000000000014910                ptable_dump
                0x00000000000149fb                ptable_dump_counts
 .text          0x0000000000014ac3      0xa0b sio.o
                0x0000000000014de9                sio_init
                0x0000000000014f5c                sio_enable
                0x0000000000014fd4                sio_disable
                0x000000000001504c                sio_flush
                0x0000000000015102                sio_inq_length
                0x000000000001510c                sio_readc
                0x000000000001516d                sio_read
                0x0000000000015208                sio_writec
                0x000000000001527d                sio_write
                0x0000000000015324                sio_puts
                0x0000000000015351                sio_dump
 .text          0x00000000000154ce      0x2f8 support.o
                0x0000000000015747                panic
                0x0000000000015763                init_interrupts
                0x0000000000015776                install_isr
                0x000000000001579b                delay
 .text          0x00000000000157c6     0x12d7 syscalls.o
                0x00000000000157c6                sys_exit
                0x0000000000015885                sys_waitpid
                0x0000000000015b8e                sys_fork
                0x0000000000015dfa                sys_exec
                0x0000000000015f89                sys_read
                0x000000000001617a                sys_write
                0x0000000000016284                sys_getpid
                0x0000000000016301                sys_getppid
                0x00000000000163c6                sys_gettime
                0x0000000000016443                sys_getprio
                0x00000000000164c0                sys_setprio
                0x0000000000016556                sys_kill
                0x0000000000016849                sys_sleep
                0x0000000000016a6f                sys_init
 .text          0x0000000000016a9d      0x2f7 user.o
                0x0000000000016a9d                stack_setup
                0x0000000000016d51                user_init
                0x0000000000016d6a                user_cleanup
 .text          0x0000000000016d94      0x184 intel_8255x.o
                0x0000000000016dee                detect_intel_8255x
                0x0000000000016f0b                intel_8255x_init
 .text          0x0000000000016f18       0x76 ulibs.o
                0x0000000000016f18                exit
                0x0000000000016f20                waitpid
                0x0000000000016f28                fork
                0x0000000000016f30                exec
                0x0000000000016f38                read
                0x0000000000016f40                write
                0x0000000000016f48                getpid
                0x0000000000016f50                getppid
                0x0000000000016f58                gettime
                0x0000000000016f60                getprio
                0x0000000000016f68                setprio
                0x0000000000016f70                kill
                0x0000000000016f78                sleep
                0x0000000000016f80                bogus
                0x0000000000016f88                fake_exit
 .text          0x0000000000016f8e     0x2b17 userland.o
                0x0000000000016f8e                idle
                0x00000000000171cf                shell
                0x00000000000174d2                init
                0x00000000000176f7                progABC
                0x0000000000017932                progDE
                0x0000000000017aff                progFG
                0x0000000000017ce4                progH
                0x0000000000017eca                progZ
                0x0000000000018091                progI
                0x0000000000018404                progW
                0x000000000001860f                progJ
                0x00000000000187ca                progY
                0x000000000001896e                progKL
                0x0000000000018b5d                progX
                0x0000000000018cf1                progMN
                0x0000000000018f59                progP
                0x0000000000019112                progQ
                0x0000000000019257                progR
                0x00000000000194ac                progS
                0x000000000001962f                progTUV
 .text          0x0000000000019aa5      0x9b5 ulibc.o
                0x0000000000019aa5                ublkmov
                0x0000000000019b3f                umemclr
                0x0000000000019b60                umemcpy
                0x0000000000019b8d                umemmove
                0x0000000000019bdf                umemset
                0x0000000000019c03                upad
                0x0000000000019c25                upadstr
                0x0000000000019cc2                usprint
                0x0000000000019f37                ustr2int
                0x0000000000019fa9                ustrcat
                0x0000000000019fdf                ustrcmp
                0x000000000001a015                ustrcpy
                0x000000000001a03f                ustrlen
                0x000000000001a061                ubound
                0x000000000001a085                ucvtdec
                0x000000000001a0cc                ucvtdec0
                0x000000000001a155                ucvthex
                0x000000000001a1df                ucvtoct
                0x000000000001a269                ucvtuns
                0x000000000001a29b                ucvtuns0
                0x000000000001a301                wait
                0x000000000001a319                spawn
                0x000000000001a38e                cwritech
                0x000000000001a3af                cwrites
                0x000000000001a3d9                cwrite
                0x000000000001a3f4                swritech
                0x000000000001a415                swrites
                0x000000000001a43f                swrite
                [!provide]                        PROVIDE (etext = .)
                [!provide]                        PROVIDE (_etext = .)

.iplt           0x000000000001a460        0x0
 .iplt          0x000000000001a460        0x0 startup.o

.rodata         0x000000000001a460     0x1c7d
 *(.rodata .rodata.* .gnu.linkonce.r.*)
 .rodata        0x000000000001a460      0x4b6 isrs.o
                0x000000000001a516                isr_stub_table
 *fill*         0x000000000001a916        0x2 
 .rodata        0x000000000001a918       0x58 cio.o
 .rodata        0x000000000001a970       0x90 clock.o
 .rodata        0x000000000001aa00      0x3a5 kernel.o
 *fill*         0x000000000001ada5        0x3 
 .rodata        0x000000000001ada8       0xe8 klibc.o
 .rodata        0x000000000001ae90      0x15a kmem.o
 *fill*         0x000000000001afea        0x2 
 .rodata        0x000000000001afec       0x4c list.o
 *fill*         0x000000000001b038        0x8 
 .rodata        0x000000000001b040      0x5d5 procs.o
                0x000000000001b040                state_str
                0x000000000001b064                prio_str
                0x000000000001b078                ord_str
 *fill*         0x000000000001b615        0x3 
 .rodata        0x000000000001b618      0x15c sio.o
 .rodata        0x000000000001b774       0xb6 support.o
 *fill*         0x000000000001b82a       0x16 
 .rodata        0x000000000001b840      0x260 syscalls.o
 .rodata        0x000000000001baa0        0x6 user.o
 *fill*         0x000000000001baa6        0x2 
 .rodata        0x000000000001baa8       0x5d intel_8255x.o
 *fill*         0x000000000001bb05        0x3 
 .rodata        0x000000000001bb08      0x560 userland.o
 .rodata        0x000000000001c068       0x75 ulibc.o

.rel.dyn        0x000000000001c0e0        0x0
 .rel.got       0x000000000001c0e0        0x0 startup.o
 .rel.iplt      0x000000000001c0e0        0x0 startup.o
 .rel.text      0x000000000001c0e0        0x0 startup.o
 .rel.data      0x000000000001c0e0        0x0 startup.o
                0x000000000001d000                . = ALIGN (0x1000)
                [!provide]                        PROVIDE (data = .)
                [!provide]                        PROVIDE (_data = .)

.data           0x000000000001d000      0x63d
 *(.data .data.*)
 .data          0x000000000001d000        0x0 startup.o
 .data          0x000000000001d000        0x0 isrs.o
 .data          0x000000000001d000      0x10c cio.o
 .data          0x000000000001d10c        0x0 clock.o
 .data          0x000000000001d10c        0x4 kernel.o
                0x000000000001d10c                kernel_esp
 .data          0x000000000001d110        0x0 klibc.o
 .data          0x000000000001d110        0x0 kmem.o
 .data          0x000000000001d110        0x0 list.o
 .data          0x000000000001d110        0x0 procs.o
 .data          0x000000000001d110        0x0 sio.o
 .data          0x000000000001d110        0x0 support.o
 .data          0x000000000001d110        0x0 syscalls.o
 .data          0x000000000001d110        0x0 user.o
 .data          0x000000000001d110        0x0 intel_8255x.o
 .data          0x000000000001d110        0x0 ulibs.o
 *fill*         0x000000000001d110       0x10 
 .data          0x000000000001d120      0x51d userland.o
 .data          0x000000000001d63d        0x0 ulibc.o
                [!provide]                        PROVIDE (edata = .)
                [!provide]                        PROVIDE (_edata = .)

.got            0x000000000001d640        0x0
 .got           0x000000000001d640        0x0 startup.o

.got.plt        0x000000000001d640        0x0
 .got.plt       0x000000000001d640        0x0 startup.o

.igot.plt       0x000000000001d640        0x0
 .igot.plt      0x000000000001d640        0x0 startup.o
                0x000000000001e000                . = ALIGN (0x1000)
                0x000000000001e000                PROVIDE (__bss_start = .)

.bss            0x000000000001e000     0x48e4
 *(.bss .bss.*)
 .bss           0x000000000001e000        0x0 startup.o
 .bss           0x000000000001e000        0x0 isrs.o
 .bss           0x000000000001e000      0x10c cio.o
 .bss           0x000000000001e10c        0x8 clock.o
 .bss           0x000000000001e114        0x0 kernel.o
 .bss           0x000000000001e114        0x0 klibc.o
 .bss           0x000000000001e114       0x14 kmem.o
 .bss           0x000000000001e128        0x0 list.o
 .bss           0x000000000001e128       0x48 procs.o
 *fill*         0x000000000001e170       0x10 
 .bss           0x000000000001e180     0x1031 sio.o
 .bss           0x000000000001f1b1        0x0 support.o
 .bss           0x000000000001f1b1        0x0 syscalls.o
 .bss           0x000000000001f1b1        0x0 user.o
 .bss           0x000000000001f1b1        0x0 intel_8255x.o
 .bss           0x000000000001f1b1        0x0 ulibs.o
 *fill*         0x000000000001f1b1        0x3 
 .bss           0x000000000001f1b4        0x8 userland.o
 .bss           0x000000000001f1bc        0x0 ulibc.o
 *(COMMON)
 COMMON         0x000000000001f1bc        0x4 clock.o
                0x000000000001f1bc                system_time
 *fill*         0x000000000001f1c0      0xe40 
 COMMON         0x0000000000020000     0x2000 kernel.o
                0x0000000000020000                b512
                0x0000000000020200                b256
                0x0000000000021000                kstack
 COMMON         0x0000000000022000      0x4d4 procs.o
                0x0000000000022000                pcb_freelist
                0x0000000000022004                sioread
                0x0000000000022008                sleeping
                0x000000000002200c                init_pcb
                0x0000000000022010                waiting
                0x0000000000022014                current
                0x0000000000022018                zombie
                0x000000000002201c                next_pid
                0x0000000000022020                ptable
                0x00000000000224d0                ready
 *fill*         0x00000000000224d4        0xc 
 COMMON         0x00000000000224e0      0x400 support.o
                0x00000000000224e0                isr_table
 COMMON         0x00000000000228e0        0x4 syscalls.o
                0x00000000000228e0                mbz
                [!provide]                        PROVIDE (end = .)
                0x00000000000228e4                PROVIDE (_end = .)

/DISCARD/
 *(.stab .stab_info .stabstr)
 *(.eh_frame .eh_frame_hdr)
 *(.note.GNU-stack .note.gnu.property .comment)
LOAD startup.o
LOAD isrs.o
LOAD cio.o
LOAD clock.o
LOAD kernel.o
LOAD klibc.o
LOAD kmem.o
LOAD list.o
LOAD procs.o
LOAD sio.o
LOAD support.o
LOAD syscalls.o
LOAD user.o
LOAD intel_8255x.o
LOAD ulibs.o
LOAD userland.o
LOAD ulibc.o
OUTPUT(kernel elf32-i386)

.debug_line     0x0000000000000000     0x2a8e
 .debug_line    0x0000000000000000       0x52 startup.o
 .debug_line    0x0000000000000052      0x121 isrs.o
 .debug_line    0x0000000000000173      0x2ed cio.o
 .debug_line    0x0000000000000460      0x109 clock.o
 .debug_line    0x0000000000000569      0x11b kernel.o
 .debug_line    0x0000000000000684      0x2af klibc.o
 .debug_line    0x0000000000000933      0x215 kmem.o
 .debug_line    0x0000000000000b48       0x8b list.o
 .debug_line    0x0000000000000bd3      0x4c0 procs.o
 .debug_line    0x0000000000001093      0x2ae sio.o
 .debug_line    0x0000000000001341      0x10f support.o
 .debug_line    0x0000000000001450      0x456 syscalls.o
 .debug_line    0x00000000000018a6       0xf3 user.o
 .debug_line    0x0000000000001999       0xd5 intel_8255x.o
 .debug_line    0x0000000000001a6e       0x48 ulibs.o
 .debug_line    0x0000000000001ab6      0xc4d userland.o
 .debug_line    0x0000000000002703      0x38b ulibc.o

.debug_info     0x0000000000000000     0x7dc8
 .debug_info    0x0000000000000000       0x26 startup.o
 .debug_info    0x0000000000000026       0x26 isrs.o
 .debug_info    0x000000000000004c      0xb1e cio.o
 .debug_info    0x0000000000000b6a      0x5bd clock.o
 .debug_info    0x0000000000001127      0x579 kernel.o
 .debug_info    0x00000000000016a0      0xc29 klibc.o
 .debug_info    0x00000000000022c9      0x92b kmem.o
 .debug_info    0x0000000000002bf4      0x1c9 list.o
 .debug_info    0x0000000000002dbd      0xf4e procs.o
 .debug_info    0x0000000000003d0b      0xc25 sio.o
 .debug_info    0x0000000000004930      0x53a support.o
 .debug_info    0x0000000000004e6a      0xa2b syscalls.o
 .debug_info    0x0000000000005895      0x5f1 user.o
 .debug_info    0x0000000000005e86      0x241 intel_8255x.o
 .debug_info    0x00000000000060c7       0x26 ulibs.o
 .debug_info    0x00000000000060ed     0x13ad userland.o
 .debug_info    0x000000000000749a      0x92e ulibc.o

.debug_abbrev   0x0000000000000000     0x1968
 .debug_abbrev  0x0000000000000000       0x14 startup.o
 .debug_abbrev  0x0000000000000014       0x14 isrs.o
 .debug_abbrev  0x0000000000000028      0x2c9 cio.o
 .debug_abbrev  0x00000000000002f1      0x18c clock.o
 .debug_abbrev  0x000000000000047d      0x172 kernel.o
 .debug_abbrev  0x00000000000005ef      0x274 klibc.o
 .debug_abbrev  0x0000000000000863      0x1c1 kmem.o
 .debug_abbrev  0x0000000000000a24      0x108 list.o
 .debug_abbrev  0x0000000000000b2c      0x21c procs.o
 .debug_abbrev  0x0000000000000d48      0x27b sio.o
 .debug_abbrev  0x0000000000000fc3      0x1e1 support.o
 .debug_abbrev  0x00000000000011a4      0x21c syscalls.o
 .debug_abbrev  0x00000000000013c0      0x18a user.o
 .debug_abbrev  0x000000000000154a      0x13a intel_8255x.o
 .debug_abbrev  0x0000000000001684       0x14 ulibs.o
 .debug_abbrev  0x0000000000001698      0x1a8 userland.o
 .debug_abbrev  0x0000000000001840      0x128 ulibc.o

.debug_aranges  0x0000000000000000      0x220
 .debug_aranges
                0x0000000000000000       0x20 startup.o
 .debug_aranges
                0x0000000000000020       0x20 isrs.o
 .debug_aranges
                0x0000000000000040       0x20 cio.o
 .debug_aranges
                0x0000000000000060       0x20 clock.o
 .debug_aranges
                0x0000000000000080       0x20 kernel.o
 .debug_aranges
                0x00000000000000a0       0x20 klibc.o
 .debug_aranges
                0x00000000000000c0       0x20 kmem.o
 .debug_aranges
                0x00000000000000e0       0x20 list.o
 .debug_aranges
                0x0000000000000100       0x20 procs.o
 .debug_aranges
                0x0000000000000120       0x20 sio.o
 .debug_aranges
                0x0000000000000140       0x20 support.o
 .debug_aranges
                0x0000000000000160       0x20 syscalls.o
 .debug_aranges
                0x0000000000000180       0x20 user.o
 .debug_aranges
                0x00000000000001a0       0x20 intel_8255x.o
 .debug_aranges
                0x00000000000001c0       0x20 ulibs.o
 .debug_aranges
                0x00000000000001e0       0x20 userland.o
 .debug_aranges
                0x0000000000000200       0x20 ulibc.o

.debug_str      0x0000000000000000      0xfc1
 .debug_str     0x0000000000000000       0x33 startup.o
 .debug_str     0x0000000000000033        0x7 isrs.o
                                         0x30 (size before relaxing)
 .debug_str     0x000000000000003a      0x318 cio.o
                                        0x3ae (size before relaxing)
 .debug_str     0x0000000000000352      0x222 clock.o
                                        0x393 (size before relaxing)
 .debug_str     0x0000000000000574       0x36 kernel.o
                                        0x393 (size before relaxing)
 .debug_str     0x00000000000005aa       0x6d klibc.o
                                        0x421 (size before relaxing)
 .debug_str     0x0000000000000617      0x147 kmem.o
                                        0x4b4 (size before relaxing)
 .debug_str     0x000000000000075e       0x2a list.o
                                        0x160 (size before relaxing)
 .debug_str     0x0000000000000788      0x256 procs.o
                                        0x5cb (size before relaxing)
 .debug_str     0x00000000000009de       0xe9 sio.o
                                        0x454 (size before relaxing)
 .debug_str     0x0000000000000ac7       0xde support.o
                                        0x240 (size before relaxing)
 .debug_str     0x0000000000000ba5       0xda syscalls.o
                                        0x480 (size before relaxing)
 .debug_str     0x0000000000000c7f       0x95 user.o
                                        0x3aa (size before relaxing)
 .debug_str     0x0000000000000d14       0x7d intel_8255x.o
                                        0x19e (size before relaxing)
 .debug_str     0x0000000000000d91        0x8 ulibs.o
                                         0x31 (size before relaxing)
 .debug_str     0x0000000000000d99      0x145 userland.o
                                        0x2f1 (size before relaxing)
 .debug_str     0x0000000000000ede       0xe3 ulibc.o
                                        0x26d (size before relaxing)

.debug_ranges   0x0000000000000000       0x78
 .debug_ranges  0x0000000000000000       0x18 cio.o
 .debug_ranges  0x0000000000000018       0x18 clock.o
 .debug_ranges  0x0000000000000030       0x18 syscalls.o
 .debug_ranges  0x0000000000000048       0x30 userland.o
